Using BDD Package: CUDDFactory, Version: CUDD 3.0
Using BDD Package: CUDDFactory, Version: CUDD 3.0


=== ARGS ===
ALL GARS: False
MINIMIZE SPEC: True
USE INFLUENTIAL: True
TIMEOUT: 120.0
REPAIR LIMIT: 1


++++ ELAPSED TIME: 3.287999999823654e-06
++++ QUEUE LENGTH: 0
++++ Solutions: 0
++++ Duplicates: 0
++++ Node number: 1
++++ Refinement: []
++++ Length: 0
++ Y-SAT CHECK
++ REALIZABILITY CHECK
++ COUNTERSTRATEGY COMPUTATION - REFINEMENT GENERATION

=== COUNTERRUN ===
Sf0 -> Sf2


=== INTERPOLANT ===
(budget_exhausted__Sf0 & monitor_flagged__Sf0 & output_ready__Sf0)


++++ ELAPSED TIME: 0.19256044300000008
++++ QUEUE LENGTH: 1
++++ Solutions: 0
++++ Duplicates: 0
++++ Node number: 2
++++ Refinement: ['!(budget_exhausted & output_ready & monitor_flagged)']
++++ Length: 1
++ Y-SAT CHECK
++ REALIZABILITY CHECK
++ COUNTERSTRATEGY COMPUTATION - REFINEMENT GENERATION

=== COUNTERRUN ===
S0 -> Sf2 -> Sf4


=== INTERPOLANT ===
(budget_exhausted__Sf2 & monitor_flagged__Sf2 & output_ready__Sf2)


++++ ELAPSED TIME: 0.40514829399999996
++++ QUEUE LENGTH: 1
++++ Solutions: 0
++++ Duplicates: 0
++++ Node number: 3
++++ Refinement: ['G(!(budget_exhausted & output_ready & monitor_flagged))']
++++ Length: 1
++ Y-SAT CHECK
++ REALIZABILITY CHECK
++ REALIZABLE REFINEMENT: SAT CHECK

++++ SAVING SEARCH SUMMARY DATA
