Using BDD Package: CUDDFactory, Version: CUDD 3.0
Using BDD Package: CUDDFactory, Version: CUDD 3.0


=== ARGS ===
ALL GARS: False
MINIMIZE SPEC: True
USE INFLUENTIAL: True
TIMEOUT: 120.0
REPAIR LIMIT: 1


++++ ELAPSED TIME: 4.3700000000868044e-06
++++ QUEUE LENGTH: 0
++++ Solutions: 0
++++ Duplicates: 0
++++ Node number: 1
++++ Refinement: []
++++ Length: 0
++ Y-SAT CHECK
++ REALIZABILITY CHECK
++ COUNTERSTRATEGY COMPUTATION - REFINEMENT GENERATION
MADE IT HERE
MADE IT HERE

=== COUNTERRUN ===
Sf1 -> Sf4


=== INTERPOLANT ===
(budget_exhausted__Sf1 & essential__Sf1 & !kill_switch__Sf1 & req_tool__Sf1)


++++ ELAPSED TIME: 0.27109909399999976
++++ QUEUE LENGTH: 1
++++ Solutions: 0
++++ Duplicates: 0
++++ Node number: 2
++++ Refinement: ['!(req_tool & budget_exhausted & !kill_switch & essential)']
++++ Length: 1
++ Y-SAT CHECK
++ REALIZABILITY CHECK
++ COUNTERSTRATEGY COMPUTATION - REFINEMENT GENERATION
MADE IT HERE
MADE IT HERE

=== COUNTERRUN ===
S1 -> Sf8 -> Sf4


=== INTERPOLANT ===
(budget_exhausted__Sf8 & essential__Sf8 & !kill_switch__Sf8 & req_tool__Sf8)


++++ ELAPSED TIME: 0.5817597750000001
++++ QUEUE LENGTH: 1
++++ Solutions: 0
++++ Duplicates: 0
++++ Node number: 3
++++ Refinement: ['G(!(req_tool & budget_exhausted & !kill_switch & essential))']
++++ Length: 1
++ Y-SAT CHECK
++ REALIZABILITY CHECK
++ REALIZABLE REFINEMENT: SAT CHECK

++++ SAVING SEARCH SUMMARY DATA
