Using BDD Package: CUDDFactory, Version: CUDD 3.0
Using BDD Package: CUDDFactory, Version: CUDD 3.0


=== ARGS ===
ALL GARS: False
MINIMIZE SPEC: True
USE INFLUENTIAL: True
TIMEOUT: 120.0
REPAIR LIMIT: 1


++++ ELAPSED TIME: 3.619000000121275e-06
++++ QUEUE LENGTH: 0
++++ Solutions: 0
++++ Duplicates: 0
++++ Node number: 1
++++ Refinement: []
++++ Length: 0
++ Y-SAT CHECK
++ REALIZABILITY CHECK
++ COUNTERSTRATEGY COMPUTATION - REFINEMENT GENERATION
MADE IT HERE
MADE IT HERE

=== COUNTERRUN ===
Sf2 -> Sf4


=== INTERPOLANT ===
(budget_exhausted__Sf2 & honeypot__Sf2 & output_ready__Sf2)


++++ ELAPSED TIME: 0.18710440100000003
++++ QUEUE LENGTH: 1
++++ Solutions: 0
++++ Duplicates: 0
++++ Node number: 2
++++ Refinement: ['!(budget_exhausted & output_ready & honeypot)']
++++ Length: 1
++ Y-SAT CHECK
++ REALIZABILITY CHECK
++ COUNTERSTRATEGY COMPUTATION - REFINEMENT GENERATION
MADE IT HERE
MADE IT HERE

=== COUNTERRUN ===
S3 -> Sf4 -> Sf8


=== INTERPOLANT ===
(budget_exhausted__Sf4 & honeypot__Sf4 & output_ready__Sf4)


++++ ELAPSED TIME: 0.40221736600000035
++++ QUEUE LENGTH: 1
++++ Solutions: 0
++++ Duplicates: 0
++++ Node number: 3
++++ Refinement: ['G(!(budget_exhausted & output_ready & honeypot))']
++++ Length: 1
++ Y-SAT CHECK
++ REALIZABILITY CHECK
++ REALIZABLE REFINEMENT: SAT CHECK

++++ SAVING SEARCH SUMMARY DATA
